Nothing to build in platform 'AudioProcessingXSA'

15:37:30 **** Incremental Build of configuration Debug for project SynthApp ****
make all 
make --no-print-directory pre-build
a9-linaro-pre-build-step
' '
make --no-print-directory main-build
'Building file: ../src/main.cpp'
'Invoking: ARM v7 g++ compiler'
arm-none-eabi-g++ -DARM_MATH_NEON -DDISABLEFLOAT16 -Wall -O0 -g3 -I"C:\Users\PatrickKenis\AudioProccesing\Synth\SynthApp\src\CMSIS_libraries\ComputeLibrary" -I"C:\Users\PatrickKenis\AudioProccesing\Synth\SynthApp\src\CMSIS_libraries\Include" -I"C:\Users\PatrickKenis\AudioProccesing\Synth\SynthApp\src\CMSIS_libraries\Ne10" -I"C:\Users\PatrickKenis\AudioProccesing\Synth\SynthApp\src\CMSIS_libraries\PrivateInclude" -I"C:\Users\PatrickKenis\AudioProccesing\Synth\SynthApp\src\CMSIS_libraries\Source" -I"C:\Users\PatrickKenis\AudioProccesing\Synth\SynthApp\src\CMSIS_libraries\ComputeLibrary\Include" -I"C:\Users\PatrickKenis\AudioProccesing\Synth\SynthApp\src\CMSIS_libraries\Include\dsp" -c -fmessage-length=0 -MT"src/main.o" -mcpu=cortex-a9 -mfpu=neon-vfpv3 -mfloat-abi=hard -Wno-narrowing -IC:/Users/PatrickKenis/AudioProccesing/Synth/AudioProcessingXSA/export/AudioProcessingXSA/sw/AudioProcessingXSA/standalone_ps7_cortexa9_0/bspinclude/include -MMD -MP -MF"src/main.d" -MT"src/main.o" -o "src/main.o" "../src/main.cpp"
In file included from ../src/main.cpp:11:
C:/Users/PatrickKenis/AudioProccesing/Synth/AudioProcessingXSA/export/AudioProcessingXSA/sw/AudioProcessingXSA/standalone_ps7_cortexa9_0/bspinclude/include/xuartps.h:450: warning: "XUartPs_IsTransmitEmpty" redefined
  450 | #define XUartPs_IsTransmitEmpty(InstancePtr)                            \
      | 
In file included from C:/Users/PatrickKenis/AudioProccesing/Synth/AudioProcessingXSA/export/AudioProcessingXSA/sw/AudioProcessingXSA/standalone_ps7_cortexa9_0/bspinclude/include/xuartps.h:170:
C:/Users/PatrickKenis/AudioProccesing/Synth/AudioProcessingXSA/export/AudioProcessingXSA/sw/AudioProcessingXSA/standalone_ps7_cortexa9_0/bspinclude/include/xuartps_hw.h:424: note: this is the location of the previous definition
  424 | #define XUartPs_IsTransmitEmpty(BaseAddress)                     \
      | 
'Finished building: ../src/main.cpp'
' '
'Building target: SynthApp.elf'
'Invoking: ARM v7 g++ linker'
'Finished building target: SynthApp.elf'
' '
'Invoking: ARM v7 Print Size'
arm-none-eabi-size SynthApp.elf  |tee "SynthApp.elf.size"
   text	   data	    bss	    dec	    hex	filename
2704184	   3424	30087440	32795048	1f469a8	SynthApp.elf
'Finished building: SynthApp.elf.size'
' '
